2026-08-06 19:21:15 | INFO | root | main | ============================================================
2026-08-06 19:21:15 | INFO | root | main | ASTRA OVERNIGHT RETURN PIPELINE
2026-08-06 19:21:15 | INFO | root | main | ============================================================
2026-08-06 19:21:15 | INFO | root | main | Project root: /Users/kushagr/Desktop/astra-assignment
2026-08-06 19:21:15 | INFO | root | main | Config: /Users/kushagr/Desktop/astra-assignment/code/config.yaml
2026-08-06 19:21:15 | INFO | root | main | Python version: 3.13.7
2026-08-06 19:21:15 | INFO | root | main | Seed: 42
2026-08-06 19:21:15 | INFO | root | main | Cache enabled: True
2026-08-06 19:21:15 | INFO | root | main | Cache rebuild: False
2026-08-06 19:21:15 | INFO | root | main | Output directory: /Users/kushagr/Desktop/astra-assignment/final_outputs
2026-08-06 19:21:15 | INFO | root | main | Log file: /Users/kushagr/Desktop/astra-assignment/logs/pipeline_20260806_192115.log
2026-08-06 19:21:15 | INFO | root | main | ============================================================
2026-08-06 19:21:15 | DEBUG | root | main | Package versions: {"lightgbm": "4.7.0", "numpy": "2.3.5", "pandas": "2.3.3", "pyarrow": "25.0.0", "python": "3.13.7", "scipy": "1.18.0", "sklearn": "1.9.0"}
2026-08-06 19:21:15 | INFO | root | log_stage | Starting: Pipeline
2026-08-06 19:21:15 | INFO | root | load_or_build_panel | Cache hit: /Users/kushagr/Desktop/astra-assignment/outputs/processed_data/model_features_with_splits_v1.parquet
2026-08-06 19:21:15 | INFO | root | load_or_build_panel | Cached rows: 301,275 | cached target rows: 301,275
2026-08-06 19:21:15 | INFO | root | load_or_build_panel | Cached panel validation passed
2026-08-06 19:21:15 | INFO | root | log_stage | Starting: Validation benchmark reproduction
2026-08-06 19:21:15 | INFO | root | run_validation_checks | Running validation benchmark reproduction
2026-08-06 19:21:15 | INFO | root | run_validation_checks | Validation direction warm-up rows | train=182,495 | valid=53,909
2026-08-06 19:21:15 | INFO | root | run_validation_checks | Training validation direction model | rows=182,495 | features=26 | categorical_features=1 | positive_target_fraction=0.7316 | threshold=0.64
2026-08-06 19:21:15 | INFO | root | run_validation_checks | Validation direction parameters | {"bagging_fraction": 0.8, "bagging_freq": 1, "feature_fraction": 0.6, "learning_rate": 0.05, "min_child_samples": 100, "n_estimators": 1000, "n_jobs": -1, "num_leaves": 31, "objective": "binary", "random_state": 42, "verbosity": -1}
