2026-08-06 17:28:12 | INFO | root | main | ============================================================
2026-08-06 17:28:12 | INFO | root | main | ASTRA OVERNIGHT RETURN PIPELINE
2026-08-06 17:28:12 | INFO | root | main | ============================================================
2026-08-06 17:28:12 | INFO | root | main | Project root: /Users/kushagr/Desktop/astra-assignment
2026-08-06 17:28:12 | INFO | root | main | Config: /Users/kushagr/Desktop/astra-assignment/code/config.yaml
2026-08-06 17:28:12 | INFO | root | main | Python version: 3.13.7
2026-08-06 17:28:12 | INFO | root | main | Seed: 42
2026-08-06 17:28:12 | INFO | root | main | Cache enabled: True
2026-08-06 17:28:12 | INFO | root | main | Cache rebuild: False
2026-08-06 17:28:12 | INFO | root | main | Output directory: /Users/kushagr/Desktop/astra-assignment/final_outputs
2026-08-06 17:28:12 | INFO | root | main | Log file: /Users/kushagr/Desktop/astra-assignment/logs/pipeline_20260806_172812.log
2026-08-06 17:28:12 | INFO | root | main | ============================================================
2026-08-06 17:28:12 | DEBUG | root | main | Package versions: {"lightgbm": "4.7.0", "numpy": "2.3.5", "pandas": "2.3.3", "pyarrow": "25.0.0", "python": "3.13.7", "scipy": "1.18.0", "sklearn": "1.9.0"}
2026-08-06 17:28:12 | INFO | root | log_stage | Starting: Pipeline
2026-08-06 17:28:12 | INFO | root | load_or_build_panel | Cache hit: /Users/kushagr/Desktop/astra-assignment/outputs/processed_data/model_features_with_splits_v1.parquet
2026-08-06 17:28:12 | INFO | root | load_or_build_panel | Cached rows: 301,275 | cached target rows: 301,275
2026-08-06 17:28:12 | INFO | root | load_or_build_panel | Cached panel validation passed
2026-08-06 17:28:12 | INFO | root | log_stage | Starting: Validation benchmark reproduction
2026-08-06 17:28:12 | INFO | root | run_validation_checks | Running validation benchmark reproduction
2026-08-06 17:28:12 | INFO | root | run_validation_checks | Validation direction warm-up rows | train=182,495 | valid=53,909
2026-08-06 17:28:12 | INFO | root | run_validation_checks | Training validation direction model | rows=182,495 | features=26 | categorical_features=1 | positive_target_fraction=0.7316 | threshold=0.64
2026-08-06 17:28:12 | INFO | root | run_validation_checks | Validation direction parameters | {"bagging_fraction": 0.8, "bagging_freq": 1, "feature_fraction": 0.6, "learning_rate": 0.05, "min_child_samples": 100, "n_estimators": 1000, "n_jobs": -1, "num_leaves": 31, "objective": "binary", "random_state": 42, "verbosity": -1}
2026-08-06 17:28:19 | INFO | root | run_validation_checks | Validation direction prediction summary | probability_mean=0.725173 | probability_std=0.152156 | probability_min=0.061273 | probability_max=0.993161 | predicted_up_fraction=0.768369 | hit_rate=0.650893
2026-08-06 17:28:19 | INFO | root | run_validation_checks | Validation magnitude benchmark rows | train=186,555 | valid=54,009 | features=38
2026-08-06 17:28:22 | INFO | root | run_validation_checks | Validation confidence benchmark rows | train=186,555 | valid=54,009
2026-08-06 17:28:29 | INFO | src.models | run_shadow_workflow | Training shadow direction model | rows=182,495 | features=26 | positive_target_fraction=0.7316 | threshold=0.64
2026-08-06 17:28:37 | INFO | src.models | run_shadow_workflow | Shadow direction validation correctness rate: 0.650893
2026-08-06 17:28:37 | INFO | src.models | run_shadow_workflow | Training shadow magnitude model | rows=182,495 | features=46
2026-08-06 17:28:38 | INFO | src.models | run_shadow_workflow | Shadow magnitude validation absolute-error summary | mean=0.466684 | median=0.306214 | max=33.783224
2026-08-06 17:28:38 | ERROR | root | log_stage | Failed: Validation benchmark reproduction | elapsed=25.80s | error=Boolean index has wrong length: 54009 instead of 53909
2026-08-06 17:28:38 | ERROR | root | log_stage | Failed: Pipeline | elapsed=26.11s | error=Boolean index has wrong length: 54009 instead of 53909
2026-08-06 17:28:38 | ERROR | root | main | ============================================================
2026-08-06 17:28:38 | ERROR | root | main | PIPELINE FAILED
2026-08-06 17:28:38 | ERROR | root | main | ============================================================
2026-08-06 17:28:38 | ERROR | root | main | Exception type: IndexError
2026-08-06 17:28:38 | ERROR | root | main | Exception message: Boolean index has wrong length: 54009 instead of 53909
2026-08-06 17:28:38 | ERROR | root | main | Elapsed time: 26.11s
2026-08-06 17:28:38 | ERROR | root | main | Log-file path: /Users/kushagr/Desktop/astra-assignment/logs/pipeline_20260806_172812.log
2026-08-06 17:28:38 | ERROR | root | main | ============================================================
2026-08-06 17:28:38 | ERROR | root | main | Stack trace follows
Traceback (most recent call last):
  File "/Users/kushagr/Desktop/astra-assignment/code/main.py", line 422, in main
    validation_summary = run_validation_checks(model_df, config, logger)
  File "/Users/kushagr/Desktop/astra-assignment/code/main.py", line 334, in run_validation_checks
    mag_x_cal = magnitude_conf_train.loc[cal_mask, magnitude_conf_features]
                ~~~~~~~~~~~~~~~~~~~~~~~~^^^^^^^^^^^^^^^^^^^^^^^^^^^^^^^^^^^
  File "/Library/Frameworks/Python.framework/Versions/3.13/lib/python3.13/site-packages/pandas/core/indexing.py", line 1185, in __getitem__
    return self._getitem_tuple(key)
           ~~~~~~~~~~~~~~~~~~~^^^^^
  File "/Library/Frameworks/Python.framework/Versions/3.13/lib/python3.13/site-packages/pandas/core/indexing.py", line 1378, in _getitem_tuple
    return self._getitem_tuple_same_dim(tup)
           ~~~~~~~~~~~~~~~~~~~~~~~~~~~~^^^^^
  File "/Library/Frameworks/Python.framework/Versions/3.13/lib/python3.13/site-packages/pandas/core/indexing.py", line 1021, in _getitem_tuple_same_dim
    retval = getattr(retval, self.name)._getitem_axis(key, axis=i)
  File "/Library/Frameworks/Python.framework/Versions/3.13/lib/python3.13/site-packages/pandas/core/indexing.py", line 1414, in _getitem_axis
    return self._getbool_axis(key, axis=axis)
           ~~~~~~~~~~~~~~~~~~^^^^^^^^^^^^^^^^
  File "/Library/Frameworks/Python.framework/Versions/3.13/lib/python3.13/site-packages/pandas/core/indexing.py", line 1210, in _getbool_axis
    key = check_bool_indexer(labels, key)
  File "/Library/Frameworks/Python.framework/Versions/3.13/lib/python3.13/site-packages/pandas/core/indexing.py", line 2717, in check_bool_indexer
    return check_array_indexer(index, result)
  File "/Library/Frameworks/Python.framework/Versions/3.13/lib/python3.13/site-packages/pandas/core/indexers/utils.py", line 539, in check_array_indexer
    raise IndexError(
    ...<2 lines>...
    )
IndexError: Boolean index has wrong length: 54009 instead of 53909
